# serializer version: 1
# name: test_request_is_parsed
  list([
    dict({
      'text': dict({
        'text': '*Jane Doe left a* <https://dev.azure.com/MyOrg/MyProject/_git/my-repo/pullrequest/3369?discussionId=26855|comment>*:*',
        'type': 'mrkdwn',
      }),
      'type': 'section',
    }),
    dict({
      'text': dict({
        'text': 'Another comment on your request',
        'type': 'mrkdwn',
      }),
      'type': 'section',
    }),
    dict({
      'elements': list([
        dict({
          'text': '*my-repo* / Fix README',
          'type': 'mrkdwn',
        }),
      ]),
      'type': 'context',
    }),
  ])
# ---
# name: test_request_is_parsed_without_api_key
  list([
    dict({
      'text': dict({
        'text': '*Jane Doe left a* <https://dev.azure.com/MyOrg/MyProject/_git/my-repo/pullrequest/3369?discussionId=26855|comment>*:*',
        'type': 'mrkdwn',
      }),
      'type': 'section',
    }),
    dict({
      'text': dict({
        'text': 'Another comment on your request',
        'type': 'mrkdwn',
      }),
      'type': 'section',
    }),
    dict({
      'elements': list([
        dict({
          'text': '*my-repo* / Fix README',
          'type': 'mrkdwn',
        }),
      ]),
      'type': 'context',
    }),
  ])
# ---
